###############################################################################
#
# IAR ELF Linker V9.40.2.374/W64 for ARM                  03/Jun/2024  15:28:40
# Copyright 2007-2023 IAR Systems AB.
#
#    Output file  =
#        E:\TopRedesign\SoftWare
#        Design\Ulinity_test\STM32F103RCT6\VGdemoKit\EWARM\VGdemoKit\Exe\VGdemoKit.out
#    Map file     =
#        E:\TopRedesign\SoftWare
#        Design\Ulinity_test\STM32F103RCT6\VGdemoKit\EWARM\VGdemoKit\List\VGdemoKit.map
#    Command line =
#        -f "E:\TopRedesign\SoftWare
#        Design\Ulinity_test\STM32F103RCT6\VGdemoKit\EWARM\VGdemoKit\Exe\VGdemoKit.out.rsp"
#        ("E:\TopRedesign\SoftWare
#        Design\Ulinity_test\STM32F103RCT6\VGdemoKit\EWARM\VGdemoKit\Obj\ATcmd_15436745148339828433.dir\AT_Test.o"
#        "E:\TopRedesign\SoftWare
#        Design\Ulinity_test\STM32F103RCT6\VGdemoKit\EWARM\VGdemoKit\Obj\ATcmd_15436745148339828433.dir\ATcmd.o"
#        "E:\TopRedesign\SoftWare
#        Design\Ulinity_test\STM32F103RCT6\VGdemoKit\EWARM\VGdemoKit\Obj\ATcmd_15436745148339828433.dir\ATport.o"
#        "E:\TopRedesign\SoftWare
#        Design\Ulinity_test\STM32F103RCT6\VGdemoKit\EWARM\VGdemoKit\Obj\BLK_7006326995829907738.dir\blink.o"
#        "E:\TopRedesign\SoftWare
#        Design\Ulinity_test\STM32F103RCT6\VGdemoKit\EWARM\VGdemoKit\Obj\BLK_7006326995829907738.dir\blink_test.o"
#        "E:\TopRedesign\SoftWare
#        Design\Ulinity_test\STM32F103RCT6\VGdemoKit\EWARM\VGdemoKit\Obj\src_11515372346773049387.dir\crc.o"
#        "E:\TopRedesign\SoftWare
#        Design\Ulinity_test\STM32F103RCT6\VGdemoKit\EWARM\VGdemoKit\Obj\fal_12372494863685643001.dir\fal.o"
#        "E:\TopRedesign\SoftWare
#        Design\Ulinity_test\STM32F103RCT6\VGdemoKit\EWARM\VGdemoKit\Obj\fal_12372494863685643001.dir\fal_flash.o"
#        "E:\TopRedesign\SoftWare
#        Design\Ulinity_test\STM32F103RCT6\VGdemoKit\EWARM\VGdemoKit\Obj\fal_12372494863685643001.dir\fal_flash_stm32f1_port.o"
#        "E:\TopRedesign\SoftWare
#        Design\Ulinity_test\STM32F103RCT6\VGdemoKit\EWARM\VGdemoKit\Obj\fal_12372494863685643001.dir\fal_partition.o"
#        "E:\TopRedesign\SoftWare
#        Design\Ulinity_test\STM32F103RCT6\VGdemoKit\EWARM\VGdemoKit\Obj\flashDB_2763099914848279287.dir\fdb.o"
#        "E:\TopRedesign\SoftWare
#        Design\Ulinity_test\STM32F103RCT6\VGdemoKit\EWARM\VGdemoKit\Obj\flashDB_2763099914848279287.dir\fdb_kvdb.o"
#        "E:\TopRedesign\SoftWare
#        Design\Ulinity_test\STM32F103RCT6\VGdemoKit\EWARM\VGdemoKit\Obj\flashDB_2763099914848279287.dir\fdb_utils.o"
#        "E:\TopRedesign\SoftWare
#        Design\Ulinity_test\STM32F103RCT6\VGdemoKit\EWARM\VGdemoKit\Obj\Core_13247989168731456611.dir\gpio.o"
#        "E:\TopRedesign\SoftWare
#        Design\Ulinity_test\STM32F103RCT6\VGdemoKit\EWARM\VGdemoKit\Obj\Tools_362194099300264152.dir\list.o"
#        "E:\TopRedesign\SoftWare
#        Design\Ulinity_test\STM32F103RCT6\VGdemoKit\EWARM\VGdemoKit\Obj\AES_17546843063989741579.dir\lorawan_aes.o"
#        "E:\TopRedesign\SoftWare
#        Design\Ulinity_test\STM32F103RCT6\VGdemoKit\EWARM\VGdemoKit\Obj\MAC_7212544209349388279.dir\mac.o"
#        "E:\TopRedesign\SoftWare
#        Design\Ulinity_test\STM32F103RCT6\VGdemoKit\EWARM\VGdemoKit\Obj\AES_17546843063989741579.dir\mac_aes.o"
#        "E:\TopRedesign\SoftWare
#        Design\Ulinity_test\STM32F103RCT6\VGdemoKit\EWARM\VGdemoKit\Obj\MAC_7212544209349388279.dir\mac_phy.o"
#        "E:\TopRedesign\SoftWare
#        Design\Ulinity_test\STM32F103RCT6\VGdemoKit\EWARM\VGdemoKit\Obj\MAC_7212544209349388279.dir\mac_port.o"
#        "E:\TopRedesign\SoftWare
#        Design\Ulinity_test\STM32F103RCT6\VGdemoKit\EWARM\VGdemoKit\Obj\MAC_7212544209349388279.dir\mac_test.o"
#        "E:\TopRedesign\SoftWare
#        Design\Ulinity_test\STM32F103RCT6\VGdemoKit\EWARM\VGdemoKit\Obj\Core_13247989168731456611.dir\main.o"
#        "E:\TopRedesign\SoftWare
#        Design\Ulinity_test\STM32F103RCT6\VGdemoKit\EWARM\VGdemoKit\Obj\Tools_362194099300264152.dir\malloc.o"
#        "E:\TopRedesign\SoftWare
#        Design\Ulinity_test\STM32F103RCT6\VGdemoKit\EWARM\VGdemoKit\Obj\Tools_362194099300264152.dir\MultiTimer.o"
#        "E:\TopRedesign\SoftWare
#        Design\Ulinity_test\STM32F103RCT6\VGdemoKit\EWARM\VGdemoKit\Obj\src_11515372346773049387.dir\radio.o"
#        "E:\TopRedesign\SoftWare
#        Design\Ulinity_test\STM32F103RCT6\VGdemoKit\EWARM\VGdemoKit\Obj\Core_13247989168731456611.dir\spi.o"
#        "E:\TopRedesign\SoftWare
#        Design\Ulinity_test\STM32F103RCT6\VGdemoKit\EWARM\VGdemoKit\Obj\EWARM_18443280873093131863.dir\startup_stm32f103xe.o"
#        "E:\TopRedesign\SoftWare
#        Design\Ulinity_test\STM32F103RCT6\VGdemoKit\EWARM\VGdemoKit\Obj\STM32F1xx_HAL_Driver_9701002599162248031.dir\stm32f1xx_hal.o"
#        "E:\TopRedesign\SoftWare
#        Design\Ulinity_test\STM32F103RCT6\VGdemoKit\EWARM\VGdemoKit\Obj\STM32F1xx_HAL_Driver_9701002599162248031.dir\stm32f1xx_hal_cortex.o"
#        "E:\TopRedesign\SoftWare
#        Design\Ulinity_test\STM32F103RCT6\VGdemoKit\EWARM\VGdemoKit\Obj\STM32F1xx_HAL_Driver_9701002599162248031.dir\stm32f1xx_hal_dma.o"
#        "E:\TopRedesign\SoftWare
#        Design\Ulinity_test\STM32F103RCT6\VGdemoKit\EWARM\VGdemoKit\Obj\STM32F1xx_HAL_Driver_9701002599162248031.dir\stm32f1xx_hal_exti.o"
#        "E:\TopRedesign\SoftWare
#        Design\Ulinity_test\STM32F103RCT6\VGdemoKit\EWARM\VGdemoKit\Obj\STM32F1xx_HAL_Driver_9701002599162248031.dir\stm32f1xx_hal_flash.o"
#        "E:\TopRedesign\SoftWare
#        Design\Ulinity_test\STM32F103RCT6\VGdemoKit\EWARM\VGdemoKit\Obj\STM32F1xx_HAL_Driver_9701002599162248031.dir\stm32f1xx_hal_flash_ex.o"
#        "E:\TopRedesign\SoftWare
#        Design\Ulinity_test\STM32F103RCT6\VGdemoKit\EWARM\VGdemoKit\Obj\STM32F1xx_HAL_Driver_9701002599162248031.dir\stm32f1xx_hal_gpio.o"
#        "E:\TopRedesign\SoftWare
#        Design\Ulinity_test\STM32F103RCT6\VGdemoKit\EWARM\VGdemoKit\Obj\STM32F1xx_HAL_Driver_9701002599162248031.dir\stm32f1xx_hal_gpio_ex.o"
#        "E:\TopRedesign\SoftWare
#        Design\Ulinity_test\STM32F103RCT6\VGdemoKit\EWARM\VGdemoKit\Obj\Core_13247989168731456611.dir\stm32f1xx_hal_msp.o"
#        "E:\TopRedesign\SoftWare
#        Design\Ulinity_test\STM32F103RCT6\VGdemoKit\EWARM\VGdemoKit\Obj\STM32F1xx_HAL_Driver_9701002599162248031.dir\stm32f1xx_hal_pwr.o"
#        "E:\TopRedesign\SoftWare
#        Design\Ulinity_test\STM32F103RCT6\VGdemoKit\EWARM\VGdemoKit\Obj\STM32F1xx_HAL_Driver_9701002599162248031.dir\stm32f1xx_hal_rcc.o"
#        "E:\TopRedesign\SoftWare
#        Design\Ulinity_test\STM32F103RCT6\VGdemoKit\EWARM\VGdemoKit\Obj\STM32F1xx_HAL_Driver_9701002599162248031.dir\stm32f1xx_hal_rcc_ex.o"
#        "E:\TopRedesign\SoftWare
#        Design\Ulinity_test\STM32F103RCT6\VGdemoKit\EWARM\VGdemoKit\Obj\STM32F1xx_HAL_Driver_9701002599162248031.dir\stm32f1xx_hal_spi.o"
#        "E:\TopRedesign\SoftWare
#        Design\Ulinity_test\STM32F103RCT6\VGdemoKit\EWARM\VGdemoKit\Obj\STM32F1xx_HAL_Driver_9701002599162248031.dir\stm32f1xx_hal_tim.o"
#        "E:\TopRedesign\SoftWare
#        Design\Ulinity_test\STM32F103RCT6\VGdemoKit\EWARM\VGdemoKit\Obj\STM32F1xx_HAL_Driver_9701002599162248031.dir\stm32f1xx_hal_tim_ex.o"
#        "E:\TopRedesign\SoftWare
#        Design\Ulinity_test\STM32F103RCT6\VGdemoKit\EWARM\VGdemoKit\Obj\STM32F1xx_HAL_Driver_9701002599162248031.dir\stm32f1xx_hal_uart.o"
#        "E:\TopRedesign\SoftWare
#        Design\Ulinity_test\STM32F103RCT6\VGdemoKit\EWARM\VGdemoKit\Obj\Core_13247989168731456611.dir\stm32f1xx_it.o"
#        "E:\TopRedesign\SoftWare
#        Design\Ulinity_test\STM32F103RCT6\VGdemoKit\EWARM\VGdemoKit\Obj\src_11515372346773049387.dir\sx126x.o"
#        "E:\TopRedesign\SoftWare
#        Design\Ulinity_test\STM32F103RCT6\VGdemoKit\EWARM\VGdemoKit\Obj\CMSIS_6603591812247902717.dir\system_stm32f1xx.o"
#        "E:\TopRedesign\SoftWare
#        Design\Ulinity_test\STM32F103RCT6\VGdemoKit\EWARM\VGdemoKit\Obj\Core_13247989168731456611.dir\usart.o"
#        --no_out_extension -o "E:\TopRedesign\SoftWare
#        Design\Ulinity_test\STM32F103RCT6\VGdemoKit\EWARM\VGdemoKit\Exe\VGdemoKit.out"
#        --redirect _Printf=_PrintfFullNoMb --redirect _Scanf=_ScanfFullNoMb
#        --map "E:\TopRedesign\SoftWare
#        Design\Ulinity_test\STM32F103RCT6\VGdemoKit\EWARM\VGdemoKit\List\VGdemoKit.map"
#        --config "E:\TopRedesign\SoftWare
#        Design\Ulinity_test\STM32F103RCT6\VGdemoKit\EWARM/stm32f103xe_flash.icf"
#        --entry __iar_program_start --vfe --text_out locale --cpu=Cortex-M3
#        --fpu=None) --dependencies=n "E:\TopRedesign\SoftWare
#        Design\Ulinity_test\STM32F103RCT6\VGdemoKit\EWARM\VGdemoKit\Exe\VGdemoKit.out.iar_deps"
#
###############################################################################

*******************************************************************************
*** RUNTIME MODEL ATTRIBUTES
***

CppFlavor       = *
__CPP_Runtime   = 1
__SystemLibrary = DLib
__dlib_version  = 6


*******************************************************************************
*** HEAP SELECTION
***

The basic heap was selected because --advanced_heap
was not specified and the application did not appear to
be primarily optimized for speed.


*******************************************************************************
*** PLACEMENT SUMMARY
***

"A0":  place at address 0x800'0000 { ro section .intvec };
"P1":  place in [from 0x800'0000 to 0x807'ffff] { ro };
define block CSTACK with size = 1K, alignment = 8 { };
define block HEAP with size = 512, alignment = 8 { };
"P2":  place in [from 0x2000'0000 to 0x2000'ffff] {
          rw, block CSTACK, block HEAP };
initialize by copy { rw };

  Section            Kind         Address    Size  Object
  -------            ----         -------    ----  ------
"A0":                                       0x130
  .intvec            ro code   0x800'0000   0x130  startup_stm32f103xe.o [6]
                             - 0x800'0130   0x130

"P1":                                      0x967c
  .text              ro code   0x800'0130   0xeca  xprintffull_nomb.o [13]
  .text              ro code   0x800'0ffa    0x7e  lz77_init_single.o [15]
  .text              ro code   0x800'1078    0x16  strchr.o [15]
  .rodata            const     0x800'108e     0x2  mac_phy.o [7]
  .text              ro code   0x800'1090    0x40  xfail_s.o [13]
  .text              ro code   0x800'10d0    0x36  strlen.o [15]
  .rodata            const     0x800'1106     0x2  stm32f1xx_hal_rcc.o [8]
  .text              ro code   0x800'1108    0x58  memchr.o [15]
  .text              ro code   0x800'1160    0xa6  ABImemcpy.o [15]
  .rodata            const     0x800'1206     0x2  xlocale_c.o [13]
  .text              ro code   0x800'1208    0x70  frexp.o [14]
  .text              ro code   0x800'1278    0x34  DblCmpLe.o [14]
  .text              ro code   0x800'12ac    0x34  DblCmpGe.o [14]
  .text              ro code   0x800'12e0   0x13a  ldexp.o [14]
  .rodata            const     0x800'141a     0x1  radio.o [12]
  .rodata            const     0x800'141b     0x1  xlocale_c.o [13]
  .text              ro code   0x800'141c    0x36  DblToS32.o [14]
  .text              ro code   0x800'1454    0x22  S32ToDbl.o [14]
  .text              ro code   0x800'1478   0x25e  DblAddSub.o [14]
  .text              ro code   0x800'16d8   0x246  DblDiv.o [14]
  .text              ro code   0x800'1920    0x22  DblToU32.o [14]
  .text              ro code   0x800'1944    0x1c  U32ToDbl.o [14]
  .text              ro code   0x800'1960   0x1aa  DblMul.o [14]
  .text              ro code   0x800'1b0c     0x8  xlocale_c.o [13]
  .text              ro code   0x800'1b14   0x230  I64DivMod.o [15]
  .text              ro code   0x800'1d44     0x6  abort.o [13]
  .text              ro code   0x800'1d4c     0x2  I64DivZer.o [15]
  .text              ro code   0x800'1d50     0xc  XXexit.o [15]
  .text              ro code   0x800'1d5c   0xa50  radio.o [12]
  .text              ro code   0x800'27ac   0x89c  sx126x.o [12]
  .text              ro code   0x800'3048    0x28  stm32f1xx_hal.o [8]
  .text              ro code   0x800'3070   0x38e  mac_port.o [7]
  .text              ro code   0x800'3400    0x64  nearbyint.o [14]
  .text              ro code   0x800'3464    0x56  ceil.o [14]
  .text              ro code   0x800'34bc    0x58  floor.o [14]
  .text              ro code   0x800'3514   0x68c  pow64.o [14]
  .text              ro code   0x800'3ba0    0x66  ABImemset.o [15]
  .text              ro code   0x800'3c08     0xc  stm32f1xx_hal.o [8]
  .text              ro code   0x800'3c14   0x2b4  stm32f1xx_hal_gpio.o [8]
  .text              ro code   0x800'3ec8   0x994  mac.o [7]
  .text              ro code   0x800'485c    0xee  spi.o [5]
  .text              ro code   0x800'494c    0x20  DblCmpEq.o [14]
  .text              ro code   0x800'496c   0x30c  iar_Exp64.o [14]
  .text              ro code   0x800'4c78   0x98c  mac_phy.o [7]
  .text              ro code   0x800'5604   0x218  malloc.o [9]
  .text              ro code   0x800'581c    0x58  crc.o [12]
  .text              ro code   0x800'5874   0x32c  mac_aes.o [1]
  .text              ro code   0x800'5ba0    0x28  printf.o [13]
  .text              ro code   0x800'5bc8   0x110  MultiTimer.o [9]
  .text              ro code   0x800'5cd8   0x2b4  mac_test.o [7]
  .text              ro code   0x800'5f8c   0x420  stm32f1xx_hal_spi.o [8]
  .text              ro code   0x800'63ac   0x110  main.o [5]
  .text              ro code   0x800'64bc    0x14  memset.o [15]
  .text              ro code   0x800'64d0    0x68  memcmp.o [15]
  .text              ro code   0x800'6538   0x138  exp2_64.o [14]
  .text              ro code   0x800'6670   0x8ea  lorawan_aes.o [1]
  .text              ro code   0x800'6f5c    0x24  stm32f1xx_hal.o [8]
  .text              ro code   0x800'6f80   0x194  gpio.o [5]
  .text              ro code   0x800'7114   0x148  usart.o [5]
  .text              ro code   0x800'725c   0x648  stm32f1xx_hal_rcc.o [8]
  .text              ro code   0x800'78a4   0x7e0  stm32f1xx_hal_uart.o [8]
  .text              ro code   0x800'8084   0x154  stm32f1xx_hal_cortex.o [8]
  .text              ro code   0x800'81d8    0x4c  stm32f1xx_hal.o [8]
  .text              ro code   0x800'8224    0x38  stm32f1xx_hal_msp.o [5]
  .text              ro code   0x800'825c    0xe2  list.o [9]
  .text              ro code   0x800'8340   0x244  stm32f1xx_hal_dma.o [8]
  .text              ro code   0x800'8584     0x2  stm32f1xx_hal_uart.o [8]
  .text              ro code   0x800'8586     0x2  stm32f1xx_hal_uart.o [8]
  .text              ro code   0x800'8588     0x2  stm32f1xx_hal_uart.o [8]
  .rodata            const     0x800'858c    0x6c  radio.o [12]
  .rodata            const     0x800'85f8   0x420  pow64.o [14]
  .rodata            const     0x800'8a18   0x100  lorawan_aes.o [1]
  .rodata            const     0x800'8b18   0x100  lorawan_aes.o [1]
  .rodata            const     0x800'8c18   0x100  lorawan_aes.o [1]
  .rodata            const     0x800'8d18   0x100  lorawan_aes.o [1]
  .rodata            const     0x800'8e18   0x100  lorawan_aes.o [1]
  .rodata            const     0x800'8f18   0x100  lorawan_aes.o [1]
  .rodata            const     0x800'9018   0x100  lorawan_aes.o [1]
  .rodata            const     0x800'9118   0x100  lorawan_aes.o [1]
  .rodata            const     0x800'9218    0xb0  radio.o [12]
  .rodata            const     0x800'92c8    0x60  mac.o [7]
  .rodata            const     0x800'9328    0x50  main.o [5]
  .text              ro code   0x800'9378    0x44  putchar.o [13]
  .text              ro code   0x800'93bc    0x38  zero_init3.o [15]
  .text              ro code   0x800'93f4    0x28  stm32f1xx_it.o [5]
  .text              ro code   0x800'941c    0x18  stm32f1xx_hal.o [8]
  .text              ro code   0x800'9434    0x28  data_init.o [15]
  .iar.init_table    const     0x800'945c    0x20  - Linker created -
  .text              ro code   0x800'947c    0x1e  cmain.o [15]
  .text              ro code   0x800'949a     0x4  low_level_init.o [13]
  .text              ro code   0x800'949e     0x4  exit.o [13]
  .text              ro code   0x800'94a4     0xa  cexit.o [15]
  .text              ro code   0x800'94b0    0x1c  cstartup_M.o [15]
  .rodata            const     0x800'94cc    0x18  mac.o [7]
  .text              ro code   0x800'94e4    0x16  xprout.o [13]
  .rodata            const     0x800'94fc    0x14  mac_test.o [7]
  .rodata            const     0x800'9510    0x14  mac_test.o [7]
  .rodata            const     0x800'9524    0x10  mac.o [7]
  .rodata            const     0x800'9534    0x10  mac.o [7]
  .rodata            const     0x800'9544    0x10  mac.o [7]
  .rodata            const     0x800'9554    0x10  mac.o [7]
  .rodata            const     0x800'9564    0x10  mac_test.o [7]
  .rodata            const     0x800'9574    0x10  stm32f1xx_hal_rcc.o [8]
  .rodata            const     0x800'9584    0x10  system_stm32f1xx.o [4]
  .text              ro code   0x800'9594    0x10  startup_stm32f103xe.o [6]
  .rodata            const     0x800'95a4     0xc  mac.o [7]
  .rodata            const     0x800'95b0     0xc  mac_test.o [7]
  .rodata            const     0x800'95bc     0xc  mac_test.o [7]
  .rodata            const     0x800'95c8     0xc  mac_test.o [7]
  .rodata            const     0x800'95d4     0x8  mac_test.o [7]
  .rodata            const     0x800'95dc     0x8  mac_test.o [7]
  .rodata            const     0x800'95e4     0x8  mac_test.o [7]
  .rodata            const     0x800'95ec     0x8  radio.o [12]
  .rodata            const     0x800'95f4     0x8  radio.o [12]
  .rodata            const     0x800'95fc     0x8  system_stm32f1xx.o [4]
  .rodata            const     0x800'9604     0x4  malloc.o [9]
  .rodata            const     0x800'9608     0x4  malloc.o [9]
  .rodata            const     0x800'960c     0x4  malloc.o [9]
  .rodata            const     0x800'9610     0x4  radio.o [12]
  .text              ro code   0x800'9614     0x4  startup_stm32f103xe.o [6]
  .text              ro code   0x800'9618     0x4  startup_stm32f103xe.o [6]
  .text              ro code   0x800'961c     0x4  startup_stm32f103xe.o [6]
  .text              ro code   0x800'9620     0x4  startup_stm32f103xe.o [6]
  .text              ro code   0x800'9624     0x4  startup_stm32f103xe.o [6]
  .text              ro code   0x800'9628     0x4  startup_stm32f103xe.o [6]
  .text              ro code   0x800'962c     0x4  startup_stm32f103xe.o [6]
  .text              ro code   0x800'9630     0x4  startup_stm32f103xe.o [6]
  .text              ro code   0x800'9634     0x4  startup_stm32f103xe.o [6]
  .text              ro code   0x800'9638     0x4  startup_stm32f103xe.o [6]
  .text              ro code   0x800'963c     0x4  startup_stm32f103xe.o [6]
  .text              ro code   0x800'9640     0x4  startup_stm32f103xe.o [6]
  .text              ro code   0x800'9644     0x4  startup_stm32f103xe.o [6]
  .text              ro code   0x800'9648     0x4  startup_stm32f103xe.o [6]
  .text              ro code   0x800'964c     0x4  startup_stm32f103xe.o [6]
  .text              ro code   0x800'9650     0x4  startup_stm32f103xe.o [6]
  .text              ro code   0x800'9654     0x4  startup_stm32f103xe.o [6]
  .text              ro code   0x800'9658     0x4  startup_stm32f103xe.o [6]
  .text              ro code   0x800'965c     0x4  startup_stm32f103xe.o [6]
  .text              ro code   0x800'9660     0x4  startup_stm32f103xe.o [6]
  .text              ro code   0x800'9664     0x4  startup_stm32f103xe.o [6]
  .text              ro code   0x800'9668     0x4  startup_stm32f103xe.o [6]
  .text              ro code   0x800'966c     0x4  startup_stm32f103xe.o [6]
  .text              ro code   0x800'9670     0x4  startup_stm32f103xe.o [6]
  .text              ro code   0x800'9674     0x4  startup_stm32f103xe.o [6]
  .text              ro code   0x800'9678     0x4  startup_stm32f103xe.o [6]
  .text              ro code   0x800'967c     0x4  startup_stm32f103xe.o [6]
  .text              ro code   0x800'9680     0x4  startup_stm32f103xe.o [6]
  .text              ro code   0x800'9684     0x4  startup_stm32f103xe.o [6]
  .text              ro code   0x800'9688     0x4  startup_stm32f103xe.o [6]
  .text              ro code   0x800'968c     0x4  startup_stm32f103xe.o [6]
  .text              ro code   0x800'9690     0x4  startup_stm32f103xe.o [6]
  .text              ro code   0x800'9694     0x4  startup_stm32f103xe.o [6]
  .text              ro code   0x800'9698     0x4  startup_stm32f103xe.o [6]
  .text              ro code   0x800'969c     0x4  startup_stm32f103xe.o [6]
  .text              ro code   0x800'96a0     0x4  startup_stm32f103xe.o [6]
  .text              ro code   0x800'96a4     0x4  startup_stm32f103xe.o [6]
  .text              ro code   0x800'96a8     0x4  startup_stm32f103xe.o [6]
  .text              ro code   0x800'96ac     0x4  startup_stm32f103xe.o [6]
  .text              ro code   0x800'96b0     0x4  startup_stm32f103xe.o [6]
  .text              ro code   0x800'96b4     0x4  startup_stm32f103xe.o [6]
  .text              ro code   0x800'96b8     0x4  startup_stm32f103xe.o [6]
  .text              ro code   0x800'96bc     0x4  startup_stm32f103xe.o [6]
  .text              ro code   0x800'96c0     0x4  startup_stm32f103xe.o [6]
  .text              ro code   0x800'96c4     0x4  startup_stm32f103xe.o [6]
  .text              ro code   0x800'96c8     0x4  startup_stm32f103xe.o [6]
  .text              ro code   0x800'96cc     0x4  startup_stm32f103xe.o [6]
  .text              ro code   0x800'96d0     0x4  startup_stm32f103xe.o [6]
  .text              ro code   0x800'96d4     0x4  startup_stm32f103xe.o [6]
  .text              ro code   0x800'96d8     0x4  startup_stm32f103xe.o [6]
  .text              ro code   0x800'96dc     0x4  startup_stm32f103xe.o [6]
  .text              ro code   0x800'96e0     0x4  startup_stm32f103xe.o [6]
  .text              ro code   0x800'96e4     0x4  startup_stm32f103xe.o [6]
  .text              ro code   0x800'96e8     0x4  startup_stm32f103xe.o [6]
  .text              ro code   0x800'96ec     0x4  startup_stm32f103xe.o [6]
  .text              ro code   0x800'96f0     0x4  startup_stm32f103xe.o [6]
  .text              ro code   0x800'96f4     0x4  startup_stm32f103xe.o [6]
  .text              ro code   0x800'96f8     0x4  startup_stm32f103xe.o [6]
  .text              ro code   0x800'96fc     0x4  startup_stm32f103xe.o [6]
  .text              ro code   0x800'9700     0x2  system_stm32f1xx.o [4]
  .rodata            const     0x800'9702     0x0  zero_init3.o [15]
  .rodata            const     0x800'9702     0x0  lz77_init_single.o [15]
  Initializer bytes  const     0x800'9702    0xaa  <for P2-1>
                             - 0x800'97ac  0x967c

"P2", part 1 of 3:                          0x1a3
  P2-1                        0x2000'0000   0x1a3  <Init block>
    .data            inited   0x2000'0000    0x90  radio.o [12]
    .data            inited   0x2000'0090    0x14  mac_test.o [7]
    .data            inited   0x2000'00a4    0x10  mac_test.o [7]
    .data            inited   0x2000'00b4    0x50  mac_test.o [7]
    .data            inited   0x2000'0104    0x14  malloc.o [9]
    .data            inited   0x2000'0118     0x4  stm32f1xx_hal.o [8]
    .data            inited   0x2000'011c     0x4  system_stm32f1xx.o [4]
    .data            inited   0x2000'0120    0x38  xlocale_c.o [13]
    .data            inited   0x2000'0158    0x48  xfiles.o [13]
    .data            inited   0x2000'01a0     0x1  mac.o [7]
    .data            inited   0x2000'01a1     0x1  radio.o [12]
    .data            inited   0x2000'01a2     0x1  stm32f1xx_hal.o [8]
                            - 0x2000'01a3   0x1a3

"P2", part 2 of 3:                          0xce0
  .bss               zero     0x2000'01c0   0x800  malloc.o [9]
  .bss               zero     0x2000'09c0   0x100  mac_phy.o [7]
  .bss               zero     0x2000'0ac0   0x100  radio.o [12]
  .bss               zero     0x2000'0bc0    0x80  malloc.o [9]
  .bss               zero     0x2000'0c40    0x58  spi.o [5]
  .bss               zero     0x2000'0c98    0x50  xfiles.o [13]
  .bss               zero     0x2000'0ce8    0x48  usart.o [5]
  .bss               zero     0x2000'0d30    0x40  usart.o [5]
  .bss               zero     0x2000'0d70    0x3c  radio.o [12]
  .bss               zero     0x2000'0dac    0x20  mac_test.o [7]
  .bss               zero     0x2000'0dcc    0x1c  mac_phy.o [7]
  .bss               zero     0x2000'0de8    0x18  mac.o [7]
  .bss               zero     0x2000'0e00    0x18  mac_test.o [7]
  .bss               zero     0x2000'0e18    0x14  radio.o [12]
  .bss               zero     0x2000'0e2c     0x8  mac.o [7]
  .bss               zero     0x2000'0e34     0x4  mac.o [7]
  .bss               zero     0x2000'0e38     0x8  mac_phy.o [7]
  .bss               zero     0x2000'0e40     0x4  mac.o [7]
  .bss               zero     0x2000'0e44     0x4  mac_phy.o [7]
  .bss               zero     0x2000'0e48     0x4  MultiTimer.o [9]
  .bss               zero     0x2000'0e4c     0x4  MultiTimer.o [9]
  .bss               zero     0x2000'0e50     0x4  radio.o [12]
  .bss               zero     0x2000'0e54     0x4  radio.o [12]
  .bss               zero     0x2000'0e58     0x4  radio.o [12]
  .bss               zero     0x2000'0e5c     0x4  stm32f1xx_hal.o [8]
  .bss               zero     0x2000'0e60     0x4  sx126x.o [12]
  .bss               zero     0x2000'0e64     0x4  usart.o [5]
  .bss               zero     0x2000'0e68     0x4  usart.o [5]
  .bss               zero     0x2000'0e6c     0x4  xfail_s.o [13]
  .bss               zero     0x2000'0e70     0x2  mac.o [7]
  .bss               zero     0x2000'0e72     0x2  mac_test.o [7]
  .bss               zero     0x2000'0e74     0x2  radio.o [12]
  .bss               zero     0x2000'0e76     0x1  mac.o [7]
  .bss               zero     0x2000'0e77     0x1  mac.o [7]
  .bss               zero     0x2000'0e78     0x1  mac_phy.o [7]
  .bss               zero     0x2000'0e79     0x1  mac_phy.o [7]
  .bss               zero     0x2000'0e7a     0x1  mac_phy.o [7]
  .bss               zero     0x2000'0e7b     0x1  mac_phy.o [7]
  .bss               zero     0x2000'0e7c     0x1  mac_phy.o [7]
  .bss               zero     0x2000'0e7d     0x1  radio.o [12]
  .bss               zero     0x2000'0e7e     0x1  radio.o [12]
  .bss               zero     0x2000'0e7f     0x1  sx126x.o [12]
  .bss               zero     0x2000'0e80     0x1  sx126x.o [12]
  .bss               zero     0x2000'0e81     0x1  sx126x.o [12]
  .bss               zero     0x2000'0e82     0x1  usart.o [5]
  .bss               zero     0x2000'0e83     0x1  usart.o [5]
                            - 0x2000'0e84   0xce0

"P2", part 3 of 3:                          0x400
  CSTACK                      0x2000'0e88   0x400  <Block>
    CSTACK           uninit   0x2000'0e88   0x400  <Block tail>
                            - 0x2000'1288   0x400

Unused ranges:

         From           To      Size
         ----           --      ----
   0x800'97ac   0x807'ffff  0x7'6854
  0x2000'01a3  0x2000'01a3       0x1
  0x2000'0e84  0x2000'0e87       0x4
  0x2000'1288  0x2000'ffff    0xed78


*******************************************************************************
*** INIT TABLE
***

          Address      Size
          -------      ----
Zero (__iar_zero_init3)
    1 destination range, total size 0xcc4:
          0x2000'01c0  0xcc4

Copy/lz77 (__iar_lz77_init_single3)
    1 source range, total size 0xaa (40% of destination):
           0x800'9702   0xaa
    1 destination range, total size 0x1a3:
          0x2000'0000  0x1a3



*******************************************************************************
*** MODULE SUMMARY
***

    Module                  ro code  ro data  rw data
    ------                  -------  -------  -------
command line/config:
    -------------------------------------------------
    Total:

E:\TopRedesign\SoftWare Design\Ulinity_test\STM32F103RCT6\VGdemoKit\EWARM\VGdemoKit\Obj\AES_17546843063989741579.dir: [1]
    lorawan_aes.o             2'282    2'048
    mac_aes.o                   812
    -------------------------------------------------
    Total:                    3'094    2'048

E:\TopRedesign\SoftWare Design\Ulinity_test\STM32F103RCT6\VGdemoKit\EWARM\VGdemoKit\Obj\ATcmd_15436745148339828433.dir: [2]
    -------------------------------------------------
    Total:

E:\TopRedesign\SoftWare Design\Ulinity_test\STM32F103RCT6\VGdemoKit\EWARM\VGdemoKit\Obj\BLK_7006326995829907738.dir: [3]
    -------------------------------------------------
    Total:

E:\TopRedesign\SoftWare Design\Ulinity_test\STM32F103RCT6\VGdemoKit\EWARM\VGdemoKit\Obj\CMSIS_6603591812247902717.dir: [4]
    system_stm32f1xx.o            2       25        4
    -------------------------------------------------
    Total:                        2       25        4

E:\TopRedesign\SoftWare Design\Ulinity_test\STM32F103RCT6\VGdemoKit\EWARM\VGdemoKit\Obj\Core_13247989168731456611.dir: [5]
    gpio.o                      404
    main.o                      272       80
    spi.o                       238                88
    stm32f1xx_hal_msp.o          56
    stm32f1xx_it.o               40
    usart.o                     328               146
    -------------------------------------------------
    Total:                    1'338       80      234

E:\TopRedesign\SoftWare Design\Ulinity_test\STM32F103RCT6\VGdemoKit\EWARM\VGdemoKit\Obj\EWARM_18443280873093131863.dir: [6]
    startup_stm32f103xe.o       556
    -------------------------------------------------
    Total:                      556

E:\TopRedesign\SoftWare Design\Ulinity_test\STM32F103RCT6\VGdemoKit\EWARM\VGdemoKit\Obj\MAC_7212544209349388279.dir: [7]
    mac.o                     2'452      197       45
    mac_phy.o                 2'444        2      301
    mac_port.o                  910
    mac_test.o                  692      163      174
    -------------------------------------------------
    Total:                    6'498      362      520

E:\TopRedesign\SoftWare Design\Ulinity_test\STM32F103RCT6\VGdemoKit\EWARM\VGdemoKit\Obj\STM32F1xx_HAL_Driver_9701002599162248031.dir: [8]
    stm32f1xx_hal.o             188        3        9
    stm32f1xx_hal_cortex.o      340
    stm32f1xx_hal_dma.o         580
    stm32f1xx_hal_gpio.o        692
    stm32f1xx_hal_rcc.o       1'608       18
    stm32f1xx_hal_spi.o       1'056
    stm32f1xx_hal_uart.o      2'022
    -------------------------------------------------
    Total:                    6'486       21        9

E:\TopRedesign\SoftWare Design\Ulinity_test\STM32F103RCT6\VGdemoKit\EWARM\VGdemoKit\Obj\Tools_362194099300264152.dir: [9]
    MultiTimer.o                272                 8
    list.o                      226
    malloc.o                    536       20    2'196
    -------------------------------------------------
    Total:                    1'034       20    2'204

E:\TopRedesign\SoftWare Design\Ulinity_test\STM32F103RCT6\VGdemoKit\EWARM\VGdemoKit\Obj\fal_12372494863685643001.dir: [10]
    -------------------------------------------------
    Total:

E:\TopRedesign\SoftWare Design\Ulinity_test\STM32F103RCT6\VGdemoKit\EWARM\VGdemoKit\Obj\flashDB_2763099914848279287.dir: [11]
    -------------------------------------------------
    Total:

E:\TopRedesign\SoftWare Design\Ulinity_test\STM32F103RCT6\VGdemoKit\EWARM\VGdemoKit\Obj\src_11515372346773049387.dir: [12]
    crc.o                        88
    radio.o                   2'640      363      497
    sx126x.o                  2'204                 7
    -------------------------------------------------
    Total:                    4'932      363      504

dl7M_tlf.a: [13]
    abort.o                       6
    exit.o                        4
    low_level_init.o              4
    printf.o                     40
    putchar.o                    68
    xfail_s.o                    64                 4
    xfiles.o                              29      152
    xlocale_c.o                   8       26       56
    xprintffull_nomb.o        3'786
    xprout.o                     22
    -------------------------------------------------
    Total:                    4'002       55      212

m7M_tl.a: [14]
    DblAddSub.o                 606
    DblCmpEq.o                   32
    DblCmpGe.o                   52
    DblCmpLe.o                   52
    DblDiv.o                    582
    DblMul.o                    426
    DblToS32.o                   54
    DblToU32.o                   34
    S32ToDbl.o                   34
    U32ToDbl.o                   28
    ceil.o                       86
    exp2_64.o                   312
    floor.o                      88
    frexp.o                     112
    iar_Exp64.o                 780
    ldexp.o                     314
    nearbyint.o                 100
    pow64.o                   1'676    1'056
    -------------------------------------------------
    Total:                    5'368    1'056

rt7M_tl.a: [15]
    ABImemcpy.o                 166
    ABImemset.o                 102
    I64DivMod.o                 560
    I64DivZer.o                   2
    XXexit.o                     12
    cexit.o                      10
    cmain.o                      30
    cstartup_M.o                 28
    data_init.o                  40
    lz77_init_single.o          126
    memchr.o                     88
    memcmp.o                    104
    memset.o                     20
    strchr.o                     22
    strlen.o                     54
    zero_init3.o                 56
    -------------------------------------------------
    Total:                    1'420

    Gaps                         32        4       28
    Linker created                        32    1'024
-----------------------------------------------------
    Grand Total:             34'762    4'066    4'739


*******************************************************************************
*** ENTRY LIST
***

Entry                       Address   Size  Type      Object
-----                       -------   ----  ----      ------
.iar.init_table$$Base    0x800'945c          --   Gb  - Linker created -
.iar.init_table$$Limit   0x800'947c          --   Gb  - Linker created -
?main                    0x800'947d         Code  Gb  cmain.o [15]
ADC1_2_IRQHandler        0x800'965d         Code  Wk  startup_stm32f103xe.o [6]
ADC3_IRQHandler          0x800'96cd         Code  Wk  startup_stm32f103xe.o [6]
AHBPrescTable            0x800'9584   0x10  Data  Gb  system_stm32f1xx.o [4]
APBPrescTable            0x800'95fc    0x8  Data  Gb  system_stm32f1xx.o [4]
Bandwidths               0x800'9610    0x4  Data  Gb  radio.o [12]
BusFault_Handler         0x800'93fb    0x2  Code  Gb  stm32f1xx_it.o [5]
CAN1_RX1_IRQHandler      0x800'9669         Code  Wk  startup_stm32f103xe.o [6]
CAN1_SCE_IRQHandler      0x800'966d         Code  Wk  startup_stm32f103xe.o [6]
CSTACK$$Base            0x2000'0e88          --   Gb  - Linker created -
CSTACK$$Limit           0x2000'1288          --   Gb  - Linker created -
DMA1_Channel1_IRQHandler
                         0x800'9641         Code  Wk  startup_stm32f103xe.o [6]
DMA1_Channel2_IRQHandler
                         0x800'9645         Code  Wk  startup_stm32f103xe.o [6]
DMA1_Channel3_IRQHandler
                         0x800'9649         Code  Wk  startup_stm32f103xe.o [6]
DMA1_Channel4_IRQHandler
                         0x800'964d         Code  Wk  startup_stm32f103xe.o [6]
DMA1_Channel5_IRQHandler
                         0x800'9651         Code  Wk  startup_stm32f103xe.o [6]
DMA1_Channel6_IRQHandler
                         0x800'9655         Code  Wk  startup_stm32f103xe.o [6]
DMA1_Channel7_IRQHandler
                         0x800'9659         Code  Wk  startup_stm32f103xe.o [6]
DMA2_Channel1_IRQHandler
                         0x800'96f1         Code  Wk  startup_stm32f103xe.o [6]
DMA2_Channel2_IRQHandler
                         0x800'96f5         Code  Wk  startup_stm32f103xe.o [6]
DMA2_Channel3_IRQHandler
                         0x800'96f9         Code  Wk  startup_stm32f103xe.o [6]
DMA2_Channel4_5_IRQHandler
                         0x800'96fd         Code  Wk  startup_stm32f103xe.o [6]
DebugMon_Handler         0x800'9401    0x2  Code  Gb  stm32f1xx_it.o [5]
EXTI0_IRQHandler         0x800'962d         Code  Wk  startup_stm32f103xe.o [6]
EXTI15_10_IRQHandler     0x800'96b1         Code  Wk  startup_stm32f103xe.o [6]
EXTI1_IRQHandler         0x800'9631         Code  Wk  startup_stm32f103xe.o [6]
EXTI2_IRQHandler         0x800'9635         Code  Wk  startup_stm32f103xe.o [6]
EXTI3_IRQHandler         0x800'9639         Code  Wk  startup_stm32f103xe.o [6]
EXTI4_IRQHandler         0x800'963d         Code  Wk  startup_stm32f103xe.o [6]
EXTI9_5_IRQHandler       0x800'9671         Code  Wk  startup_stm32f103xe.o [6]
Error_Handler            0x800'64b9    0x4  Code  Gb  main.o [5]
FLASH_IRQHandler         0x800'9625         Code  Wk  startup_stm32f103xe.o [6]
FSMC_IRQHandler          0x800'96d1         Code  Wk  startup_stm32f103xe.o [6]
FrequencyError          0x2000'0e60    0x4  Data  Gb  sx126x.o [12]
FskBandwidths            0x800'9218   0xb0  Data  Gb  radio.o [12]
HAL_DMA_Abort            0x800'8341   0x4e  Code  Gb  stm32f1xx_hal_dma.o [8]
HAL_DMA_Abort_IT         0x800'838f  0x1be  Code  Gb  stm32f1xx_hal_dma.o [8]
HAL_Delay                0x800'3049   0x28  Code  Wk  stm32f1xx_hal.o [8]
HAL_GPIO_Init            0x800'3c15  0x23c  Code  Gb  stm32f1xx_hal_gpio.o [8]
HAL_GPIO_ReadPin         0x800'3e51   0x16  Code  Gb  stm32f1xx_hal_gpio.o [8]
HAL_GPIO_WritePin        0x800'3e67   0x1a  Code  Gb  stm32f1xx_hal_gpio.o [8]
HAL_GetTick              0x800'3c09    0xc  Code  Wk  stm32f1xx_hal.o [8]
HAL_IncTick              0x800'941d   0x18  Code  Wk  stm32f1xx_hal.o [8]
HAL_Init                 0x800'6f5d   0x20  Code  Gb  stm32f1xx_hal.o [8]
HAL_InitTick             0x800'81d9   0x4c  Code  Wk  stm32f1xx_hal.o [8]
HAL_MspInit              0x800'8225   0x38  Code  Gb  stm32f1xx_hal_msp.o [5]
HAL_NVIC_EnableIRQ       0x800'819d    0xe  Code  Gb  stm32f1xx_hal_cortex.o [8]
HAL_NVIC_SetPriority     0x800'8173   0x2a  Code  Gb  stm32f1xx_hal_cortex.o [8]
HAL_NVIC_SetPriorityGrouping
                         0x800'8167    0xc  Code  Gb  stm32f1xx_hal_cortex.o [8]
HAL_RCC_ClockConfig      0x800'765d  0x14c  Code  Gb  stm32f1xx_hal_rcc.o [8]
HAL_RCC_GetHCLKFreq      0x800'7805    0x6  Code  Gb  stm32f1xx_hal_rcc.o [8]
HAL_RCC_GetPCLK1Freq     0x800'780b   0x16  Code  Gb  stm32f1xx_hal_rcc.o [8]
HAL_RCC_GetPCLK2Freq     0x800'7821   0x16  Code  Gb  stm32f1xx_hal_rcc.o [8]
HAL_RCC_GetSysClockFreq
                         0x800'77a9   0x5c  Code  Gb  stm32f1xx_hal_rcc.o [8]
HAL_RCC_GetSysClockFreq::aPLLMULFactorTable
                         0x800'9574   0x10  Data  Lc  stm32f1xx_hal_rcc.o [8]
HAL_RCC_GetSysClockFreq::aPredivFactorTable
                         0x800'1106    0x2  Data  Lc  stm32f1xx_hal_rcc.o [8]
HAL_RCC_OscConfig        0x800'725d  0x400  Code  Gb  stm32f1xx_hal_rcc.o [8]
HAL_SPI_Init             0x800'5f8d   0xc4  Code  Gb  stm32f1xx_hal_spi.o [8]
HAL_SPI_MspInit          0x800'48a3   0x6c  Code  Gb  spi.o [5]
HAL_SPI_TransmitReceive
                         0x800'6051  0x254  Code  Gb  stm32f1xx_hal_spi.o [8]
HAL_SYSTICK_Config       0x800'81ab    0xc  Code  Gb  stm32f1xx_hal_cortex.o [8]
HAL_UARTEx_RxEventCallback
                         0x800'8587    0x2  Code  Wk  stm32f1xx_hal_uart.o [8]
HAL_UART_ErrorCallback   0x800'8585    0x2  Code  Wk  stm32f1xx_hal_uart.o [8]
HAL_UART_IRQHandler      0x800'7a15  0x2c0  Code  Gb  stm32f1xx_hal_uart.o [8]
HAL_UART_Init            0x800'78a5   0x7a  Code  Gb  stm32f1xx_hal_uart.o [8]
HAL_UART_MspInit         0x800'7155   0x82  Code  Gb  usart.o [5]
HAL_UART_Receive_IT      0x800'79df   0x36  Code  Gb  stm32f1xx_hal_uart.o [8]
HAL_UART_RxCpltCallback
                         0x800'71d7   0x60  Code  Gb  usart.o [5]
HAL_UART_RxCpltCallback::size
                        0x2000'0e83    0x1  Data  Lc  usart.o [5]
HAL_UART_Transmit        0x800'791f   0xc0  Code  Gb  stm32f1xx_hal_uart.o [8]
HAL_UART_TxCpltCallback
                         0x800'8589    0x2  Code  Wk  stm32f1xx_hal_uart.o [8]
HardFault_Handler        0x800'93f7    0x2  Code  Gb  stm32f1xx_it.o [5]
I2C1_ER_IRQHandler       0x800'9695         Code  Wk  startup_stm32f103xe.o [6]
I2C1_EV_IRQHandler       0x800'9691         Code  Wk  startup_stm32f103xe.o [6]
I2C2_ER_IRQHandler       0x800'969d         Code  Wk  startup_stm32f103xe.o [6]
I2C2_EV_IRQHandler       0x800'9699         Code  Wk  startup_stm32f103xe.o [6]
INIT_LIST_HEAD           0x800'3ecb    0x6  Code  Lc  mac.o [7]
ImageCalibrated         0x2000'0e81    0x1  Data  Lc  sx126x.o [12]
IrqFired                0x2000'0e7e    0x1  Data  Gb  radio.o [12]
MX_GPIO_Init             0x800'6f81  0x194  Code  Gb  gpio.o [5]
MX_SPI1_Init             0x800'485d   0x46  Code  Gb  spi.o [5]
MX_USART1_UART_Init      0x800'7115   0x40  Code  Gb  usart.o [5]
Mac                      0x800'92c8   0x60  Data  Gb  mac.o [7]
MaxPayloadLength        0x2000'01a1    0x1  Data  Gb  radio.o [12]
MemManage_Handler        0x800'93f9    0x2  Code  Gb  stm32f1xx_it.o [5]
MultiTimerInstall        0x800'5bc9    0xa  Code  Gb  MultiTimer.o [9]
MultiTimerStart          0x800'5bd3   0x98  Code  Gb  MultiTimer.o [9]
MultiTimerStop           0x800'5c6b   0x1e  Code  Gb  MultiTimer.o [9]
MultiTimerYield          0x800'5c89   0x48  Code  Gb  MultiTimer.o [9]
MyLowLevelPutchar        0x800'6457   0x14  Code  Gb  main.o [5]
NMI_Handler              0x800'93f5    0x2  Code  Gb  stm32f1xx_it.o [5]
NVIC_EncodePriority      0x800'80f7   0x40  Code  Lc  stm32f1xx_hal_cortex.o [8]
OnCadDone                0x800'5505   0x8c  Code  Lc  mac_phy.o [7]
OnRxDone                 0x800'5499   0x6a  Code  Lc  mac_phy.o [7]
OnRxError                0x800'55b9   0x14  Code  Lc  mac_phy.o [7]
OnRxTimeout              0x800'55a5   0x14  Code  Lc  mac_phy.o [7]
OnTxDone                 0x800'545d   0x3c  Code  Lc  mac_phy.o [7]
OnTxTimeout              0x800'5591   0x14  Code  Lc  mac_phy.o [7]
OperatingMode           0x2000'0e7f    0x1  Data  Lc  sx126x.o [12]
PVD_IRQHandler           0x800'9619         Code  Wk  startup_stm32f103xe.o [6]
PacketType              0x2000'0e80    0x1  Data  Lc  sx126x.o [12]
PendSV_Handler           0x800'9403    0x2  Code  Gb  stm32f1xx_it.o [5]
PlatformTicksGetFunc     0x800'63ad    0xa  Code  Gb  main.o [5]
RADIO_Busy_Check         0x800'3185   0x2a  Code  Gb  mac_port.o [7]
RADIO_NSS_H              0x800'312b   0x1e  Code  Gb  mac_port.o [7]
RADIO_NSS_L              0x800'310d   0x1e  Code  Gb  mac_port.o [7]
RADIO_nRESET_H           0x800'3167   0x1e  Code  Gb  mac_port.o [7]
RADIO_nRESET_L           0x800'3149   0x1e  Code  Gb  mac_port.o [7]
RCC_Delay                0x800'7837   0x26  Code  Lc  stm32f1xx_hal_rcc.o [8]
RCC_IRQHandler           0x800'9629         Code  Wk  startup_stm32f103xe.o [6]
RTC_Alarm_IRQHandler     0x800'96b5         Code  Wk  startup_stm32f103xe.o [6]
RTC_IRQHandler           0x800'9621         Code  Wk  startup_stm32f103xe.o [6]
RX_Buffer               0x2000'09c0  0x100  Data  Lc  mac_phy.o [7]
Radio                    0x800'858c   0x6c  Data  Gb  radio.o [12]
RadioCheckRfFrequency    0x800'227f    0x6  Code  Gb  radio.o [12]
RadioCompute_CRC8        0x800'581d   0x58  Code  Gb  crc.o [12]
RadioEvents             0x2000'0dcc   0x1c  Data  Lc  mac_phy.o [7]
RadioEvents             0x2000'0e58    0x4  Data  Lc  radio.o [12]
RadioGetFskBandwidthRegValue
                         0x800'1d5d   0x44  Code  Lc  radio.o [12]
RadioGetStatus           0x800'1de7   0x22  Code  Gb  radio.o [12]
RadioGetWakeupTime       0x800'262d    0x4  Code  Gb  radio.o [12]
RadioInit                0x800'1da1   0x46  Code  Gb  radio.o [12]
RadioIrqProcess          0x800'2639  0x11a  Code  Gb  radio.o [12]
RadioIsChannelFree       0x800'1e4f   0x36  Code  Gb  radio.o [12]
RadioLoRaSymbTime       0x2000'0000   0x90  Data  Lc  radio.o [12]
RadioOnDioIrq            0x800'2631    0x8  Code  Gb  radio.o [12]
RadioPktStatus          0x2000'0e18   0x14  Data  Gb  radio.o [12]
RadioPublicNetwork      0x2000'0e74    0x2  Data  Lc  radio.o [12]
RadioRandom              0x800'1e85   0x3a  Code  Gb  radio.o [12]
RadioRead                0x800'2571    0xe  Code  Gb  radio.o [12]
RadioReadBuffer          0x800'2599   0x1a  Code  Gb  radio.o [12]
RadioRssi                0x800'2551    0xc  Code  Gb  radio.o [12]
RadioRx                  0x800'24c5   0x2c  Code  Gb  radio.o [12]
RadioRxBoosted           0x800'24f1   0x2c  Code  Gb  radio.o [12]
RadioRxPayload          0x2000'0ac0  0x100  Data  Gb  radio.o [12]
RadioSend                0x800'2461   0x40  Code  Gb  radio.o [12]
RadioSetChannel          0x800'1e43    0xc  Code  Gb  radio.o [12]
RadioSetMaxPayloadLength
                         0x800'25b3   0x34  Code  Gb  radio.o [12]
RadioSetModem            0x800'1e09   0x3a  Code  Gb  radio.o [12]
RadioSetPublicNetwork    0x800'25e7   0x46  Code  Gb  radio.o [12]
RadioSetRxConfig         0x800'1ebf  0x21c  Code  Gb  radio.o [12]
RadioSetRxDutyCycle      0x800'251d   0x10  Code  Gb  radio.o [12]
RadioSetTxConfig         0x800'20db  0x1a4  Code  Gb  radio.o [12]
RadioSetTxContinuousWave
                         0x800'2535   0x1c  Code  Gb  radio.o [12]
RadioSleep               0x800'24a1   0x1a  Code  Gb  radio.o [12]
RadioStandby             0x800'24bb    0xa  Code  Gb  radio.o [12]
RadioStartCad            0x800'252d    0x8  Code  Gb  radio.o [12]
RadioTimeOnAir           0x800'2285  0x1dc  Code  Gb  radio.o [12]
RadioWrite               0x800'255d   0x14  Code  Gb  radio.o [12]
RadioWriteBuffer         0x800'257f   0x1a  Code  Gb  radio.o [12]
Region$$Table$$Base      0x800'945c          --   Gb  - Linker created -
Region$$Table$$Limit     0x800'947c          --   Gb  - Linker created -
Reset_Handler            0x800'9595         Code  Wk  startup_stm32f103xe.o [6]
RxContinuous            0x2000'0e7d    0x1  Data  Gb  radio.o [12]
RxTimeout               0x2000'0e54    0x4  Data  Gb  radio.o [12]
SDIO_IRQHandler          0x800'96d5         Code  Wk  startup_stm32f103xe.o [6]
SPI1_IRQHandler          0x800'96a1         Code  Wk  startup_stm32f103xe.o [6]
SPI2_IRQHandler          0x800'96a5         Code  Wk  startup_stm32f103xe.o [6]
SPI3_IRQHandler          0x800'96dd         Code  Wk  startup_stm32f103xe.o [6]
SPI_EndRxTxTransaction   0x800'637f   0x2a  Code  Lc  stm32f1xx_hal_spi.o [8]
SPI_WaitFlagStateUntilTimeout
                         0x800'62a5   0xda  Code  Lc  stm32f1xx_hal_spi.o [8]
SVC_Handler              0x800'93ff    0x2  Code  Gb  stm32f1xx_it.o [5]
SX126x                  0x2000'0d70   0x3c  Data  Gb  radio.o [12]
SX126xAntSwOff           0x800'33fd    0x2  Code  Gb  mac_port.o [7]
SX126xAntSwOn            0x800'33fb    0x2  Code  Gb  mac_port.o [7]
SX126xCalibrateImage     0x800'2a73   0x7c  Code  Gb  sx126x.o [12]
SX126xCheckDeviceReady   0x800'27d7   0x20  Code  Gb  sx126x.o [12]
SX126xClearIrqStatus     0x800'3029   0x20  Code  Gb  sx126x.o [12]
SX126xConfigureCad       0x800'4c79   0x4a  Code  Gb  mac_phy.o [7]
SX126xGetIrqStatus       0x800'2b6b   0x1c  Code  Gb  sx126x.o [12]
SX126xGetOperatingMode   0x800'27cf    0x8  Code  Gb  sx126x.o [12]
SX126xGetPaSelect        0x800'33f5    0x6  Code  Gb  mac_port.o [7]
SX126xGetPacketStatus    0x800'2f65   0x92  Code  Gb  sx126x.o [12]
SX126xGetPacketType      0x800'2c2b    0x8  Code  Gb  sx126x.o [12]
SX126xGetPayload         0x800'280b   0x34  Code  Gb  sx126x.o [12]
SX126xGetRssiInst        0x800'2f09   0x1a  Code  Gb  sx126x.o [12]
SX126xGetRxBufferStatus
                         0x800'2f23   0x42  Code  Gb  sx126x.o [12]
SX126xInit               0x800'27ad   0x22  Code  Gb  sx126x.o [12]
SX126xReadBuffer         0x800'3397   0x4e  Code  Gb  mac_port.o [7]
SX126xReadCommand        0x800'323b   0x46  Code  Gb  mac_port.o [7]
SX126xReadRegister       0x800'333b   0x16  Code  Gb  mac_port.o [7]
SX126xReadRegisters      0x800'32e3   0x58  Code  Gb  mac_port.o [7]
SX126xReset              0x800'31af   0x1e  Code  Gb  mac_port.o [7]
SX126xSendPayload        0x800'283f   0x1a  Code  Gb  sx126x.o [12]
SX126xSetBufferBaseAddress
                         0x800'2eef   0x1a  Code  Gb  sx126x.o [12]
SX126xSetCad             0x800'2a25   0x16  Code  Gb  sx126x.o [12]
SX126xSetCadParams       0x800'2ea5   0x4a  Code  Gb  sx126x.o [12]
SX126xSetCrcPolynomial   0x800'2899   0x2c  Code  Gb  sx126x.o [12]
SX126xSetCrcSeed         0x800'286d   0x2c  Code  Gb  sx126x.o [12]
SX126xSetDio2AsRfSwitchCtrl
                         0x800'2b87    0xe  Code  Gb  sx126x.o [12]
SX126xSetDioIrqParams    0x800'2b15   0x56  Code  Gb  sx126x.o [12]
SX126xSetLoRaSymbNumTimeout
                         0x800'2a57    0xe  Code  Gb  sx126x.o [12]
SX126xSetModulationParams
                         0x800'2cdb   0xfc  Code  Gb  sx126x.o [12]
SX126xSetPaConfig        0x800'2aef   0x26  Code  Gb  sx126x.o [12]
SX126xSetPacketParams    0x800'2dd7   0xce  Code  Gb  sx126x.o [12]
SX126xSetPacketType      0x800'2c13   0x18  Code  Gb  sx126x.o [12]
SX126xSetPayload         0x800'27f7   0x14  Code  Gb  sx126x.o [12]
SX126xSetRegulatorMode   0x800'2a65    0xe  Code  Gb  sx126x.o [12]
SX126xSetRfFrequency     0x800'2b95   0x7e  Code  Gb  sx126x.o [12]
SX126xSetRfTxPower       0x800'33e5   0x10  Code  Gb  mac_port.o [7]
SX126xSetRx              0x800'2979   0x2e  Code  Gb  sx126x.o [12]
SX126xSetRxBoosted       0x800'29a7   0x38  Code  Gb  sx126x.o [12]
SX126xSetRxDutyCycle     0x800'29df   0x46  Code  Gb  sx126x.o [12]
SX126xSetSleep           0x800'2909   0x1a  Code  Gb  sx126x.o [12]
SX126xSetStandby         0x800'2923   0x28  Code  Gb  sx126x.o [12]
SX126xSetStopRxTimerOnPreambleDetect
                         0x800'2a49    0xe  Code  Gb  sx126x.o [12]
SX126xSetSyncWord        0x800'2859   0x14  Code  Gb  sx126x.o [12]
SX126xSetTx              0x800'294b   0x2e  Code  Gb  sx126x.o [12]
SX126xSetTxContinuousWave
                         0x800'2a3b    0xe  Code  Gb  sx126x.o [12]
SX126xSetTxParams        0x800'2c33   0xa8  Code  Gb  sx126x.o [12]
SX126xSetWhiteningSeed   0x800'28c5   0x44  Code  Gb  sx126x.o [12]
SX126xWaitOnBusy         0x800'31cd    0xc  Code  Gb  mac_port.o [7]
SX126xWakeup             0x800'31d9   0x1c  Code  Gb  mac_port.o [7]
SX126xWriteBuffer        0x800'3351   0x46  Code  Gb  mac_port.o [7]
SX126xWriteCommand       0x800'31f5   0x46  Code  Gb  mac_port.o [7]
SX126xWriteRegister      0x800'32d1   0x12  Code  Gb  mac_port.o [7]
SX126xWriteRegisters     0x800'3281   0x50  Code  Gb  mac_port.o [7]
SpiInOut                 0x800'493d    0xe  Code  Gb  spi.o [5]
SysTick_Config           0x800'8137   0x30  Code  Lc  stm32f1xx_hal_cortex.o [8]
SysTick_Handler          0x800'9405    0x8  Code  Gb  stm32f1xx_it.o [5]
SystemClock_Config       0x800'63e5   0x72  Code  Gb  main.o [5]
SystemCoreClock         0x2000'011c    0x4  Data  Gb  system_stm32f1xx.o [4]
SystemInit               0x800'9701    0x2  Code  Gb  system_stm32f1xx.o [4]
TAMPER_IRQHandler        0x800'961d         Code  Wk  startup_stm32f103xe.o [6]
TIM1_BRK_IRQHandler      0x800'9675         Code  Wk  startup_stm32f103xe.o [6]
TIM1_CC_IRQHandler       0x800'9681         Code  Wk  startup_stm32f103xe.o [6]
TIM1_TRG_COM_IRQHandler
                         0x800'967d         Code  Wk  startup_stm32f103xe.o [6]
TIM1_UP_IRQHandler       0x800'9679         Code  Wk  startup_stm32f103xe.o [6]
TIM2_IRQHandler          0x800'9685         Code  Wk  startup_stm32f103xe.o [6]
TIM3_IRQHandler          0x800'9689         Code  Wk  startup_stm32f103xe.o [6]
TIM4_IRQHandler          0x800'968d         Code  Wk  startup_stm32f103xe.o [6]
TIM5_IRQHandler          0x800'96d9         Code  Wk  startup_stm32f103xe.o [6]
TIM6_IRQHandler          0x800'96e9         Code  Wk  startup_stm32f103xe.o [6]
TIM7_IRQHandler          0x800'96ed         Code  Wk  startup_stm32f103xe.o [6]
TIM8_BRK_IRQHandler      0x800'96bd         Code  Wk  startup_stm32f103xe.o [6]
TIM8_CC_IRQHandler       0x800'96c9         Code  Wk  startup_stm32f103xe.o [6]
TIM8_TRG_COM_IRQHandler
                         0x800'96c5         Code  Wk  startup_stm32f103xe.o [6]
TIM8_UP_IRQHandler       0x800'96c1         Code  Wk  startup_stm32f103xe.o [6]
TxTimeout               0x2000'0e50    0x4  Data  Gb  radio.o [12]
UART4_IRQHandler         0x800'96e1         Code  Wk  startup_stm32f103xe.o [6]
UART5_IRQHandler         0x800'96e5         Code  Wk  startup_stm32f103xe.o [6]
UART_DMAAbortOnError     0x800'7e11   0x16  Code  Lc  stm32f1xx_hal_uart.o [8]
UART_EndRxTransfer       0x800'7da9   0x66  Code  Lc  stm32f1xx_hal_uart.o [8]
UART_EndTransmit_IT      0x800'7e8f   0x20  Code  Lc  stm32f1xx_hal_uart.o [8]
UART_Receive_IT          0x800'7eaf   0xf6  Code  Lc  stm32f1xx_hal_uart.o [8]
UART_SetConfig           0x800'7fa5   0xd8  Code  Lc  stm32f1xx_hal_uart.o [8]
UART_Start_Receive_IT    0x800'7d65   0x44  Code  Gb  stm32f1xx_hal_uart.o [8]
UART_Transmit_IT         0x800'7e29   0x66  Code  Lc  stm32f1xx_hal_uart.o [8]
UART_WaitOnFlagUntilTimeout
                         0x800'7cd5   0x90  Code  Lc  stm32f1xx_hal_uart.o [8]
USART1_IRQHandler        0x800'940d    0xa  Code  Gb  stm32f1xx_it.o [5]
USART2_IRQHandler        0x800'96a9         Code  Wk  startup_stm32f103xe.o [6]
USART3_IRQHandler        0x800'96ad         Code  Wk  startup_stm32f103xe.o [6]
USBWakeUp_IRQHandler     0x800'96b9         Code  Wk  startup_stm32f103xe.o [6]
USB_HP_CAN1_TX_IRQHandler
                         0x800'9661         Code  Wk  startup_stm32f103xe.o [6]
USB_LP_CAN1_RX0_IRQHandler
                         0x800'9665         Code  Wk  startup_stm32f103xe.o [6]
UsageFault_Handler       0x800'93fd    0x2  Code  Gb  stm32f1xx_it.o [5]
WWDG_IRQHandler          0x800'9615         Code  Wk  startup_stm32f103xe.o [6]
_LC                      0x800'0131    0x6  Code  Lc  xprintffull_nomb.o [13]
_LitobFullNoMb           0x800'0e19  0x114  Code  Lc  xprintffull_nomb.o [13]
_Locale_lconv           0x2000'0120   0x38  Data  Lc  xlocale_c.o [13]
_PrintfFullNoMb          0x800'0137  0xcb2  Code  Gb  xprintffull_nomb.o [13]
_Prout                   0x800'94e5   0x16  Code  Gb  xprout.o [13]
_PutcharsFullNoMb        0x800'0f85   0x2e  Code  Lc  xprintffull_nomb.o [13]
__NVIC_EnableIRQ         0x800'80ad   0x1e  Code  Lc  stm32f1xx_hal_cortex.o [8]
__NVIC_GetPriorityGrouping
                         0x800'80a3    0xa  Code  Lc  stm32f1xx_hal_cortex.o [8]
__NVIC_SetPriority       0x800'80cb   0x2c  Code  Lc  stm32f1xx_hal_cortex.o [8]
__NVIC_SetPriorityGrouping
                         0x800'8085   0x1e  Code  Lc  stm32f1xx_hal_cortex.o [8]
__aeabi_cdcmpeq          0x800'494d         Code  Gb  DblCmpEq.o [14]
__aeabi_cdcmple          0x800'1279         Code  Gb  DblCmpLe.o [14]
__aeabi_cdrcmple         0x800'12ad         Code  Gb  DblCmpGe.o [14]
__aeabi_d2iz             0x800'141d         Code  Gb  DblToS32.o [14]
__aeabi_d2uiz            0x800'1921         Code  Gb  DblToU32.o [14]
__aeabi_dadd             0x800'1479         Code  Gb  DblAddSub.o [14]
__aeabi_ddiv             0x800'16d9         Code  Gb  DblDiv.o [14]
__aeabi_dmul             0x800'1961         Code  Gb  DblMul.o [14]
__aeabi_dsub             0x800'15f5         Code  Gb  DblAddSub.o [14]
__aeabi_i2d              0x800'1455         Code  Gb  S32ToDbl.o [14]
__aeabi_ldiv0            0x800'1d4d         Code  Gb  I64DivZer.o [15]
__aeabi_memcpy           0x800'1161         Code  Gb  ABImemcpy.o [15]
__aeabi_memcpy4          0x800'1181         Code  Gb  ABImemcpy.o [15]
__aeabi_memcpy8          0x800'1181         Code  Gb  ABImemcpy.o [15]
__aeabi_memset           0x800'3ba1         Code  Gb  ABImemset.o [15]
__aeabi_ui2d             0x800'1945         Code  Gb  U32ToDbl.o [14]
__aeabi_uldivmod         0x800'1b15         Code  Gb  I64DivMod.o [15]
__cmain                  0x800'947d         Code  Gb  cmain.o [15]
__exit                   0x800'1d51         Code  Gb  XXexit.o [15]
__iar_Exp64              0x800'496d  0x2ba  Code  Gb  iar_Exp64.o [14]
__iar_Fail_s             0x800'1091   0x1c  Code  Gb  xfail_s.o [13]
__iar_Memchr             0x800'1109         Code  Gb  memchr.o [15]
__iar_Memset             0x800'3ba1         Code  Gb  ABImemset.o [15]
__iar_Memset_word        0x800'3ba9         Code  Gb  ABImemset.o [15]
__iar_Stdout            0x2000'0158   0x48  Data  Gb  xfiles.o [13]
__iar_Strchr             0x800'1079         Code  Gb  strchr.o [15]
__iar_ceil64             0x800'3465         Code  Gb  ceil.o [14]
__iar_data_init3         0x800'9435   0x28  Code  Gb  data_init.o [15]
__iar_exp2_64            0x800'6539  0x138  Code  Gb  exp2_64.o [14]
__iar_floor64            0x800'34bd         Code  Gb  floor.o [14]
__iar_frexp              0x800'1215         Code  Gb  frexp.o [14]
__iar_frexp64            0x800'1209         Code  Gb  frexp.o [14]
__iar_frexpl             0x800'1215         Code  Gb  frexp.o [14]
__iar_ldexp64            0x800'12e1         Code  Gb  ldexp.o [14]
__iar_lz77_init_single3
                         0x800'0ffb   0x7e  Code  Gb  lz77_init_single.o [15]
__iar_nearbyint64        0x800'3401         Code  Gb  nearbyint.o [14]
__iar_pow64              0x800'3515  0x60c  Code  Gb  pow64.o [14]
__iar_pow_medium         0x800'3515  0x60c  Code  Gb  pow64.o [14]
__iar_pow_medium64       0x800'3515  0x60c  Code  Gb  pow64.o [14]
__iar_pow_mediuml        0x800'3515  0x60c  Code  Gb  pow64.o [14]
__iar_program_start      0x800'94b1         Code  Gb  cstartup_M.o [15]
__iar_rint64             0x800'3401         Code  Gb  nearbyint.o [14]
__iar_scalbln64          0x800'12e1         Code  Gb  ldexp.o [14]
__iar_scalbn64           0x800'12e1         Code  Gb  ldexp.o [14]
__iar_zero_init3         0x800'93bd   0x38  Code  Gb  zero_init3.o [15]
__list_add               0x800'3ed1    0xa  Code  Lc  mac.o [7]
__low_level_init         0x800'949b    0x4  Code  Gb  low_level_init.o [13]
__vector_table           0x800'0000         Data  Gb  startup_stm32f103xe.o [6]
__write                  0x800'6479   0x40  Code  Gb  main.o [5]
_call_main               0x800'9489         Code  Gb  cmain.o [15]
_exit                    0x800'94a5         Code  Gb  cexit.o [15]
aRxBuffer               0x2000'0d30   0x40  Data  Gb  usart.o [5]
abort                    0x800'1d45    0x6  Code  Gb  abort.o [13]
ack_times               0x2000'0e76    0x1  Data  Lc  mac.o [7]
adapter_table           0x2000'00b4   0x50  Data  Lc  mac_test.o [7]
add_round_key            0x800'67d1   0x10  Code  Lc  lorawan_aes.o [1]
aes_enable_ctr          0x2000'0e77    0x1  Data  Lc  mac.o [7]
aes_key                  0x800'9554   0x10  Data  Lc  mac.o [7]
app_aes_key             0x2000'00a4   0x10  Data  Lc  mac_test.o [7]
app_id_filter           0x2000'01a0    0x1  Data  Lc  mac.o [7]
app_raw_buf             0x2000'0090   0x14  Data  Lc  mac_test.o [7]
app_send_timer          0x2000'0e00   0x18  Data  Lc  mac_test.o [7]
app_send_timer_callback
                         0x800'5cd9   0x42  Code  Gb  mac_test.o [7]
board_spi_byte_write     0x800'490f   0x1c  Code  Gb  spi.o [5]
cadDetMin               0x2000'0e7c    0x1  Data  Lc  mac_phy.o [7]
cadDetPeak              0x2000'0e7b    0x1  Data  Lc  mac_phy.o [7]
cad_det_flag            0x2000'0e79    0x1  Data  Lc  mac_phy.o [7]
cad_done_flag           0x2000'0e78    0x1  Data  Lc  mac_phy.o [7]
cad_symbols             0x2000'0e7a    0x1  Data  Lc  mac_phy.o [7]
ceil                     0x800'3465         Code  Gb  ceil.o [14]
ceill                    0x800'3465         Code  Gb  ceil.o [14]
copy_and_key             0x800'674b   0x86  Code  Lc  lorawan_aes.o [1]
copy_block               0x800'6671   0x42  Code  Lc  lorawan_aes.o [1]
copy_block_nn            0x800'66b3   0x16  Code  Lc  lorawan_aes.o [1]
exit                     0x800'949f    0x4  Code  Gb  exit.o [13]
exp2                     0x800'6539  0x138  Code  Gb  exp2_64.o [14]
exp2l                    0x800'6539  0x138  Code  Gb  exp2_64.o [14]
floor                    0x800'34bd         Code  Gb  floor.o [14]
floorl                   0x800'34bd         Code  Gb  floor.o [14]
frexp                    0x800'1209         Code  Gb  frexp.o [14]
frexpl                   0x800'1209         Code  Gb  frexp.o [14]
gfm2_sbox                0x800'8c18  0x100  Data  Lc  lorawan_aes.o [1]
gfm3_sbox                0x800'8d18  0x100  Data  Lc  lorawan_aes.o [1]
gfmul_9                  0x800'8e18  0x100  Data  Lc  lorawan_aes.o [1]
gfmul_b                  0x800'8f18  0x100  Data  Lc  lorawan_aes.o [1]
gfmul_d                  0x800'9018  0x100  Data  Lc  lorawan_aes.o [1]
gfmul_e                  0x800'9118  0x100  Data  Lc  lorawan_aes.o [1]
hspi1                   0x2000'0c40   0x58  Data  Gb  spi.o [5]
huart1                  0x2000'0ce8   0x48  Data  Gb  usart.o [5]
inv_mix_sub_columns      0x800'6a79  0x266  Code  Lc  lorawan_aes.o [1]
inv_shift_sub_rows       0x800'685b   0x7a  Code  Lc  lorawan_aes.o [1]
isbox                    0x800'8b18  0x100  Data  Lc  lorawan_aes.o [1]
ldexp                    0x800'12e1         Code  Gb  ldexp.o [14]
ldexpl                   0x800'12e1         Code  Gb  ldexp.o [14]
list_add_tail            0x800'3edb   0x12  Code  Lc  mac.o [7]
list_node_creat          0x800'825d   0x62  Code  Gb  list.o [9]
list_node_data_push      0x800'82ef   0x50  Code  Gb  list.o [9]
list_node_find           0x800'82bf   0x30  Code  Gb  list.o [9]
lnbias                   0x800'85f8  0x420  Data  Lc  pow64.o [14]
localeconv               0x800'1b0d    0x4  Code  Gb  xlocale_c.o [13]
lorawan_aes_decrypt      0x800'6ef7   0x64  Code  Gb  lorawan_aes.o [1]
lorawan_aes_encrypt      0x800'6e91   0x66  Code  Gb  lorawan_aes.o [1]
lorawan_aes_set_key      0x800'6cdf  0x192  Code  Gb  lorawan_aes.o [1]
mac_ack_start_rx_hook    0x800'5d1b    0xe  Code  Gb  mac_test.o [7]
mac_ack_timer_callback   0x800'467d   0x3e  Code  Lc  mac.o [7]
mac_aes_decrypt          0x800'5a27  0x17a  Code  Gb  mac_aes.o [1]
mac_aes_encrypt          0x800'58ef  0x138  Code  Gb  mac_aes.o [1]
mac_app_callback         0x800'5d29   0xba  Code  Gb  mac_test.o [7]
mac_app_lp_callback      0x800'5de3    0xe  Code  Gb  mac_test.o [7]
mac_app_test             0x800'5df1  0x13e  Code  Gb  mac_test.o [7]
mac_busy_get             0x800'4327    0x6  Code  Lc  mac.o [7]
mac_callback_func       0x2000'0e44    0x4  Data  Lc  mac_phy.o [7]
mac_config_attribute_of_reciver
                         0x800'416b   0x44  Code  Lc  mac.o [7]
mac_config_attribute_of_sender
                         0x800'411b   0x50  Code  Lc  mac.o [7]
mac_creat                0x800'4079   0x3c  Code  Lc  mac.o [7]
mac_done_process         0x800'4659   0x20  Code  Lc  mac.o [7]
mac_downlink_channel_get
                         0x800'3fad   0x10  Code  Lc  mac.o [7]
mac_downlink_channel_id_get
                         0x800'3fbd   0x12  Code  Lc  mac.o [7]
mac_element_encrypt      0x800'5887   0x68  Code  Lc  mac_aes.o [1]
mac_get_cursor           0x800'4049    0x8  Code  Gb  mac.o [7]
mac_int                  0x800'40c9   0x14  Code  Lc  mac.o [7]
mac_lbt                  0x800'4363   0x16  Code  Lc  mac.o [7]
mac_obj_list            0x2000'0e2c    0x8  Data  Lc  mac.o [7]
mac_payload_parse        0x800'4379  0x2e0  Code  Lc  mac.o [7]
mac_phy_cad_check        0x800'51b7   0x58  Code  Gb  mac_phy.o [7]
mac_phy_channel_set      0x800'4d7d   0x10  Code  Gb  mac_phy.o [7]
mac_phy_int              0x800'4ea7    0x8  Code  Gb  mac_phy.o [7]
mac_phy_power_set        0x800'4d8d    0xe  Code  Gb  mac_phy.o [7]
mac_phy_radio_config     0x800'4eaf  0x308  Code  Gb  mac_phy.o [7]
mac_phy_radio_deint      0x800'4cc3   0xa6  Code  Gb  mac_phy.o [7]
mac_phy_radio_ready      0x800'4d69   0x14  Code  Gb  mac_phy.o [7]
mac_phy_radio_test       0x800'4d9b  0x10c  Code  Gb  mac_phy.o [7]
mac_phy_task_running     0x800'520f  0x24c  Code  Gb  mac_phy.o [7]
mac_radio_channel_set    0x800'3fff   0x18  Code  Lc  mac.o [7]
mac_radio_config         0x800'40dd   0x3e  Code  Lc  mac.o [7]
mac_radio_deint          0x800'40b5   0x14  Code  Lc  mac.o [7]
mac_radio_power_set      0x800'4017   0x1a  Code  Lc  mac.o [7]
mac_radio_ready          0x800'4031   0x16  Code  Lc  mac.o [7]
mac_rf_test              0x800'405b   0x1e  Code  Lc  mac.o [7]
mac_set_cursor_enter     0x800'4051    0x8  Code  Gb  mac.o [7]
mac_set_cursor_exit      0x800'4059    0x2  Code  Gb  mac.o [7]
mac_states_set           0x800'42ad   0x7a  Code  Gb  mac.o [7]
mac_task_callback        0x800'46bd  0x166  Code  Lc  mac.o [7]
mac_task_running         0x800'432d   0x36  Code  Lc  mac.o [7]
mac_txpk_make            0x800'41af   0xfe  Code  Lc  mac.o [7]
mac_updownlink_ch_id_table_set
                         0x800'3f2d   0x42  Code  Lc  mac.o [7]
mac_updownlink_channel_table_set
                         0x800'3eed   0x40  Code  Lc  mac.o [7]
mac_uplink_channel_get   0x800'3fcf   0x18  Code  Lc  mac.o [7]
mac_uplink_channel_id_get
                         0x800'3fe7   0x18  Code  Lc  mac.o [7]
mac_uplink_channel_id_set
                         0x800'3f91   0x1c  Code  Lc  mac.o [7]
mac_uplink_channel_set   0x800'3f6f   0x22  Code  Lc  mac.o [7]
main                     0x800'63b7   0x2e  Code  Gb  main.o [5]
mallco_dev              0x2000'0104   0x14  Data  Gb  malloc.o [9]
mem1base                0x2000'01c0  0x800  Data  Lc  malloc.o [9]
mem1mapbase             0x2000'0bc0   0x80  Data  Lc  malloc.o [9]
memblksize               0x800'9608    0x4  Data  Gb  malloc.o [9]
memchr                   0x800'1109         Code  Gb  memchr.o [15]
memcmp                   0x800'64d1         Code  Gb  memcmp.o [15]
memset                   0x800'64bd   0x14  Code  Gb  memset.o [15]
memset1                  0x800'5875   0x12  Code  Lc  mac_aes.o [1]
memsize                  0x800'960c    0x4  Data  Gb  malloc.o [9]
memtblsize               0x800'9604    0x4  Data  Gb  malloc.o [9]
mix_sub_columns          0x800'68d5  0x1a4  Code  Lc  lorawan_aes.o [1]
module_I_busy_check      0x800'30c9   0x18  Code  Gb  mac_port.o [7]
module_I_irq_polling     0x800'30e1   0x1a  Code  Gb  mac_port.o [7]
module_I_nss_ctr         0x800'3071   0x2c  Code  Gb  mac_port.o [7]
module_I_rst_ctr         0x800'309d   0x2c  Code  Gb  mac_port.o [7]
my_mem_free              0x800'574b   0x70  Code  Lc  malloc.o [9]
my_mem_init              0x800'561b   0x34  Code  Gb  malloc.o [9]
my_mem_malloc            0x800'5693   0xb8  Code  Lc  malloc.o [9]
my_mem_perused           0x800'564f   0x44  Code  Gb  malloc.o [9]
my_mem_set               0x800'5605   0x16  Code  Gb  malloc.o [9]
myfree                   0x800'57bb   0x24  Code  Gb  malloc.o [9]
mymalloc                 0x800'57df   0x2c  Code  Gb  malloc.o [9]
nd                      0x2000'0e68    0x4  Data  Gb  usart.o [5]
nearbyint                0x800'3401         Code  Gb  nearbyint.o [14]
nearbyintl               0x800'3401         Code  Gb  nearbyint.o [14]
obj_cursor              0x2000'0e40    0x4  Data  Lc  mac.o [7]
obj_map_infor            0x800'4047    0x2  Code  Gb  mac.o [7]
obj_table               0x2000'0dac   0x20  Data  Lc  mac_test.o [7]
obuf                    0x2000'0c98   0x50  Data  Lc  xfiles.o [13]
pAES_Key                0x2000'0e34    0x4  Data  Lc  mac.o [7]
pData                   0x2000'0e82    0x1  Data  Gb  usart.o [5]
pList                   0x2000'0e64    0x4  Data  Gb  usart.o [5]
pk_ack_timer            0x2000'0de8   0x18  Data  Lc  mac.o [7]
pk_len                  0x2000'0e70    0x2  Data  Lc  mac.o [7]
pk_len                  0x2000'0e72    0x2  Data  Lc  mac_test.o [7]
platformTicksFunction   0x2000'0e4c    0x4  Data  Lc  MultiTimer.o [9]
pow                      0x800'3515  0x60c  Code  Gb  pow64.o [14]
powl                     0x800'3515  0x60c  Code  Gb  pow64.o [14]
prefetch                 0x800'3ec9    0x2  Code  Lc  mac.o [7]
printf                   0x800'5ba1   0x28  Code  Gb  printf.o [13]
putchar                  0x800'9379   0x44  Code  Gb  putchar.o [13]
rint                     0x800'3401         Code  Gb  nearbyint.o [14]
rintl                    0x800'3401         Code  Gb  nearbyint.o [14]
sbox                     0x800'8a18  0x100  Data  Lc  lorawan_aes.o [1]
scalbln                  0x800'12e1         Code  Gb  ldexp.o [14]
scalblnl                 0x800'12e1         Code  Gb  ldexp.o [14]
scalbn                   0x800'12e1         Code  Gb  ldexp.o [14]
scalbnl                  0x800'12e1         Code  Gb  ldexp.o [14]
scale                    0x800'0f2d   0x46  Code  Lc  xprintffull_nomb.o [13]
sec_hand                0x2000'0e6c    0x4  Data  Lc  xfail_s.o [13]
shift_sub_rows           0x800'67e1   0x7a  Code  Lc  lorawan_aes.o [1]
strchr                   0x800'1079         Code  Gb  strchr.o [15]
strlen                   0x800'10d1         Code  Gb  strlen.o [15]
symbol_time             0x2000'0e38    0x8  Data  Lc  mac_phy.o [7]
timerList               0x2000'0e48    0x4  Data  Lc  MultiTimer.o [9]
uwTick                  0x2000'0e5c    0x4  Data  Gb  stm32f1xx_hal.o [8]
uwTickFreq              0x2000'01a2    0x1  Data  Gb  stm32f1xx_hal.o [8]
uwTickPrio              0x2000'0118    0x4  Data  Gb  stm32f1xx_hal.o [8]
xor_block                0x800'66c9   0x82  Code  Lc  lorawan_aes.o [1]


[1] = E:\TopRedesign\SoftWare Design\Ulinity_test\STM32F103RCT6\VGdemoKit\EWARM\VGdemoKit\Obj\AES_17546843063989741579.dir
[2] = E:\TopRedesign\SoftWare Design\Ulinity_test\STM32F103RCT6\VGdemoKit\EWARM\VGdemoKit\Obj\ATcmd_15436745148339828433.dir
[3] = E:\TopRedesign\SoftWare Design\Ulinity_test\STM32F103RCT6\VGdemoKit\EWARM\VGdemoKit\Obj\BLK_7006326995829907738.dir
[4] = E:\TopRedesign\SoftWare Design\Ulinity_test\STM32F103RCT6\VGdemoKit\EWARM\VGdemoKit\Obj\CMSIS_6603591812247902717.dir
[5] = E:\TopRedesign\SoftWare Design\Ulinity_test\STM32F103RCT6\VGdemoKit\EWARM\VGdemoKit\Obj\Core_13247989168731456611.dir
[6] = E:\TopRedesign\SoftWare Design\Ulinity_test\STM32F103RCT6\VGdemoKit\EWARM\VGdemoKit\Obj\EWARM_18443280873093131863.dir
[7] = E:\TopRedesign\SoftWare Design\Ulinity_test\STM32F103RCT6\VGdemoKit\EWARM\VGdemoKit\Obj\MAC_7212544209349388279.dir
[8] = E:\TopRedesign\SoftWare Design\Ulinity_test\STM32F103RCT6\VGdemoKit\EWARM\VGdemoKit\Obj\STM32F1xx_HAL_Driver_9701002599162248031.dir
[9] = E:\TopRedesign\SoftWare Design\Ulinity_test\STM32F103RCT6\VGdemoKit\EWARM\VGdemoKit\Obj\Tools_362194099300264152.dir
[10] = E:\TopRedesign\SoftWare Design\Ulinity_test\STM32F103RCT6\VGdemoKit\EWARM\VGdemoKit\Obj\fal_12372494863685643001.dir
[11] = E:\TopRedesign\SoftWare Design\Ulinity_test\STM32F103RCT6\VGdemoKit\EWARM\VGdemoKit\Obj\flashDB_2763099914848279287.dir
[12] = E:\TopRedesign\SoftWare Design\Ulinity_test\STM32F103RCT6\VGdemoKit\EWARM\VGdemoKit\Obj\src_11515372346773049387.dir
[13] = dl7M_tlf.a
[14] = m7M_tl.a
[15] = rt7M_tl.a

  34'762 bytes of readonly  code memory
   4'066 bytes of readonly  data memory
   4'739 bytes of readwrite data memory

Errors: none
Warnings: none
